// Jest Snapshot v1, https://goo.gl/fbAQLP

exports[`Should render AddExpensePage Correctly 1`] = `
<div>
  <h2>
    Add Expense Page!
  </h2>
  <ExpenseForm
    onSubmit={[Function]}
  />
</div>
`;
