// Jest Snapshot v1, https://goo.gl/fbAQLP

exports[`Should render a single ExpensListItem with the given data 1`] = `
<div>
  <Link
    replace={false}
    to="/edit/3"
  >
     
    <h3>
      Credit card
    </h3>
  </Link>
  <p>
    4500
     - 
    345600000
  </p>
</div>
`;
