// Jest Snapshot v1, https://goo.gl/fbAQLP

exports[`Should render Login page correctly 1`] = `
<div>
  <h1>
    Login Page!
  </h1>
  <button
    onClick={[Function]}
  >
    Log in
  </button>
</div>
`;
