// Jest Snapshot v1, https://goo.gl/fbAQLP

exports[`Should render NotFoundPage correclty 1`] = `
<div>
  <h2>
    404 Not Found
  </h2>
</div>
`;
